
AVRASM ver. 2.1.30  C:\Users\Conor\Desktop\AVR22\List\t2.asm Thu Dec 31 21:18:38 2020

C:\Users\Conor\Desktop\AVR22\List\t2.asm(1059): warning: Register r4 already defined by the .DEF directive
C:\Users\Conor\Desktop\AVR22\List\t2.asm(1060): warning: Register r7 already defined by the .DEF directive
C:\Users\Conor\Desktop\AVR22\List\t2.asm(1061): warning: Register r8 already defined by the .DEF directive
C:\Users\Conor\Desktop\AVR22\List\t2.asm(1062): warning: Register r6 already defined by the .DEF directive
C:\Users\Conor\Desktop\AVR22\List\t2.asm(1063): warning: Register r11 already defined by the .DEF directive
C:\Users\Conor\Desktop\AVR22\List\t2.asm(1064): warning: Register r10 already defined by the .DEF directive
C:\Users\Conor\Desktop\AVR22\List\t2.asm(1065): warning: Register r13 already defined by the .DEF directive
C:\Users\Conor\Desktop\AVR22\List\t2.asm(1066): warning: Register r12 already defined by the .DEF directive
                 
                 
                 ;CodeVisionAVR C Compiler V2.05.0 Professional
                 ;(C) Copyright 1998-2010 Pavel Haiduc, HP InfoTech s.r.l.
                 ;http://www.hpinfotech.com
                 
                 ;Chip type                : ATmega16
                 ;Program type             : Application
                 ;Clock frequency          : 4.000000 MHz
                 ;Memory model             : Small
                 ;Optimize for             : Size
                 ;(s)printf features       : int, width
                 ;(s)scanf features        : int, width
                 ;External RAM size        : 0
                 ;Data Stack size          : 256 byte(s)
                 ;Heap size                : 0 byte(s)
                 ;Promote 'char' to 'int'  : Yes
                 ;'char' is unsigned       : Yes
                 ;8 bit enums              : No
                 ;global 'const' stored in FLASH: Yes
                 ;Enhanced core instructions    : On
                 ;Smart register allocation     : On
                 ;Automatic register allocation : On
                 
                 	#pragma AVRPART ADMIN PART_NAME ATmega16
                 	#pragma AVRPART MEMORY PROG_FLASH 16384
                 	#pragma AVRPART MEMORY EEPROM 512
                 	#pragma AVRPART MEMORY INT_SRAM SIZE 1119
                 	#pragma AVRPART MEMORY INT_SRAM START_ADDR 0x60
                 
                 	#define CALL_SUPPORTED 1
                 
                 	.LISTMAC
                 	.EQU UDRE=0x5
                 	.EQU RXC=0x7
                 	.EQU USR=0xB
                 	.EQU UDR=0xC
                 	.EQU SPSR=0xE
                 	.EQU SPDR=0xF
                 	.EQU EERE=0x0
                 	.EQU EEWE=0x1
                 	.EQU EEMWE=0x2
                 	.EQU EECR=0x1C
                 	.EQU EEDR=0x1D
                 	.EQU EEARL=0x1E
                 	.EQU EEARH=0x1F
                 	.EQU WDTCR=0x21
                 	.EQU MCUCR=0x35
                 	.EQU GICR=0x3B
                 	.EQU SPL=0x3D
                 	.EQU SPH=0x3E
                 	.EQU SREG=0x3F
                 
                 	.DEF R0X0=R0
                 	.DEF R0X1=R1
                 	.DEF R0X2=R2
                 	.DEF R0X3=R3
                 	.DEF R0X4=R4
                 	.DEF R0X5=R5
                 	.DEF R0X6=R6
                 	.DEF R0X7=R7
                 	.DEF R0X8=R8
                 	.DEF R0X9=R9
                 	.DEF R0XA=R10
                 	.DEF R0XB=R11
                 	.DEF R0XC=R12
                 	.DEF R0XD=R13
                 	.DEF R0XE=R14
                 	.DEF R0XF=R15
                 	.DEF R0X10=R16
                 	.DEF R0X11=R17
                 	.DEF R0X12=R18
                 	.DEF R0X13=R19
                 	.DEF R0X14=R20
                 	.DEF R0X15=R21
                 	.DEF R0X16=R22
                 	.DEF R0X17=R23
                 	.DEF R0X18=R24
                 	.DEF R0X19=R25
                 	.DEF R0X1A=R26
                 	.DEF R0X1B=R27
                 	.DEF R0X1C=R28
                 	.DEF R0X1D=R29
                 	.DEF R0X1E=R30
                 	.DEF R0X1F=R31
                 
                 	.EQU __SRAM_START=0x0060
                 	.EQU __SRAM_END=0x045F
                 	.EQU __DSTACK_SIZE=0x0100
                 	.EQU __HEAP_SIZE=0x0000
                 	.EQU __CLEAR_SRAM_SIZE=__SRAM_END-__SRAM_START+1
                 
                 	.MACRO __CPD1N
                 	CPI  R30,LOW(@0)
                 	LDI  R26,HIGH(@0)
                 	CPC  R31,R26
                 	LDI  R26,BYTE3(@0)
                 	CPC  R22,R26
                 	LDI  R26,BYTE4(@0)
                 	CPC  R23,R26
                 	.ENDM
                 
                 	.MACRO __CPD2N
                 	CPI  R26,LOW(@0)
                 	LDI  R30,HIGH(@0)
                 	CPC  R27,R30
                 	LDI  R30,BYTE3(@0)
                 	CPC  R24,R30
                 	LDI  R30,BYTE4(@0)
                 	CPC  R25,R30
                 	.ENDM
                 
                 	.MACRO __CPWRR
                 	CP   R@0,R@2
                 	CPC  R@1,R@3
                 	.ENDM
                 
                 	.MACRO __CPWRN
                 	CPI  R@0,LOW(@2)
                 	LDI  R30,HIGH(@2)
                 	CPC  R@1,R30
                 	.ENDM
                 
                 	.MACRO __ADDB1MN
                 	SUBI R30,LOW(-@0-(@1))
                 	.ENDM
                 
                 	.MACRO __ADDB2MN
                 	SUBI R26,LOW(-@0-(@1))
                 	.ENDM
                 
                 	.MACRO __ADDW1MN
                 	SUBI R30,LOW(-@0-(@1))
                 	SBCI R31,HIGH(-@0-(@1))
                 	.ENDM
                 
                 	.MACRO __ADDW2MN
                 	SUBI R26,LOW(-@0-(@1))
                 	SBCI R27,HIGH(-@0-(@1))
                 	.ENDM
                 
                 	.MACRO __ADDW1FN
                 	SUBI R30,LOW(-2*@0-(@1))
                 	SBCI R31,HIGH(-2*@0-(@1))
                 	.ENDM
                 
                 	.MACRO __ADDD1FN
                 	SUBI R30,LOW(-2*@0-(@1))
                 	SBCI R31,HIGH(-2*@0-(@1))
                 	SBCI R22,BYTE3(-2*@0-(@1))
                 	.ENDM
                 
                 	.MACRO __ADDD1N
                 	SUBI R30,LOW(-@0)
                 	SBCI R31,HIGH(-@0)
                 	SBCI R22,BYTE3(-@0)
                 	SBCI R23,BYTE4(-@0)
                 	.ENDM
                 
                 	.MACRO __ADDD2N
                 	SUBI R26,LOW(-@0)
                 	SBCI R27,HIGH(-@0)
                 	SBCI R24,BYTE3(-@0)
                 	SBCI R25,BYTE4(-@0)
                 	.ENDM
                 
                 	.MACRO __SUBD1N
                 	SUBI R30,LOW(@0)
                 	SBCI R31,HIGH(@0)
                 	SBCI R22,BYTE3(@0)
                 	SBCI R23,BYTE4(@0)
                 	.ENDM
                 
                 	.MACRO __SUBD2N
                 	SUBI R26,LOW(@0)
                 	SBCI R27,HIGH(@0)
                 	SBCI R24,BYTE3(@0)
                 	SBCI R25,BYTE4(@0)
                 	.ENDM
                 
                 	.MACRO __ANDBMNN
                 	LDS  R30,@0+(@1)
                 	ANDI R30,LOW(@2)
                 	STS  @0+(@1),R30
                 	.ENDM
                 
                 	.MACRO __ANDWMNN
                 	LDS  R30,@0+(@1)
                 	ANDI R30,LOW(@2)
                 	STS  @0+(@1),R30
                 	LDS  R30,@0+(@1)+1
                 	ANDI R30,HIGH(@2)
                 	STS  @0+(@1)+1,R30
                 	.ENDM
                 
                 	.MACRO __ANDD1N
                 	ANDI R30,LOW(@0)
                 	ANDI R31,HIGH(@0)
                 	ANDI R22,BYTE3(@0)
                 	ANDI R23,BYTE4(@0)
                 	.ENDM
                 
                 	.MACRO __ANDD2N
                 	ANDI R26,LOW(@0)
                 	ANDI R27,HIGH(@0)
                 	ANDI R24,BYTE3(@0)
                 	ANDI R25,BYTE4(@0)
                 	.ENDM
                 
                 	.MACRO __ORBMNN
                 	LDS  R30,@0+(@1)
                 	ORI  R30,LOW(@2)
                 	STS  @0+(@1),R30
                 	.ENDM
                 
                 	.MACRO __ORWMNN
                 	LDS  R30,@0+(@1)
                 	ORI  R30,LOW(@2)
                 	STS  @0+(@1),R30
                 	LDS  R30,@0+(@1)+1
                 	ORI  R30,HIGH(@2)
                 	STS  @0+(@1)+1,R30
                 	.ENDM
                 
                 	.MACRO __ORD1N
                 	ORI  R30,LOW(@0)
                 	ORI  R31,HIGH(@0)
                 	ORI  R22,BYTE3(@0)
                 	ORI  R23,BYTE4(@0)
                 	.ENDM
                 
                 	.MACRO __ORD2N
                 	ORI  R26,LOW(@0)
                 	ORI  R27,HIGH(@0)
                 	ORI  R24,BYTE3(@0)
                 	ORI  R25,BYTE4(@0)
                 	.ENDM
                 
                 	.MACRO __DELAY_USB
                 	LDI  R24,LOW(@0)
                 __DELAY_USB_LOOP:
                 	DEC  R24
                 	BRNE __DELAY_USB_LOOP
                 	.ENDM
                 
                 	.MACRO __DELAY_USW
                 	LDI  R24,LOW(@0)
                 	LDI  R25,HIGH(@0)
                 __DELAY_USW_LOOP:
                 	SBIW R24,1
                 	BRNE __DELAY_USW_LOOP
                 	.ENDM
                 
                 	.MACRO __GETD1S
                 	LDD  R30,Y+@0
                 	LDD  R31,Y+@0+1
                 	LDD  R22,Y+@0+2
                 	LDD  R23,Y+@0+3
                 	.ENDM
                 
                 	.MACRO __GETD2S
                 	LDD  R26,Y+@0
                 	LDD  R27,Y+@0+1
                 	LDD  R24,Y+@0+2
                 	LDD  R25,Y+@0+3
                 	.ENDM
                 
                 	.MACRO __PUTD1S
                 	STD  Y+@0,R30
                 	STD  Y+@0+1,R31
                 	STD  Y+@0+2,R22
                 	STD  Y+@0+3,R23
                 	.ENDM
                 
                 	.MACRO __PUTD2S
                 	STD  Y+@0,R26
                 	STD  Y+@0+1,R27
                 	STD  Y+@0+2,R24
                 	STD  Y+@0+3,R25
                 	.ENDM
                 
                 	.MACRO __PUTDZ2
                 	STD  Z+@0,R26
                 	STD  Z+@0+1,R27
                 	STD  Z+@0+2,R24
                 	STD  Z+@0+3,R25
                 	.ENDM
                 
                 	.MACRO __CLRD1S
                 	STD  Y+@0,R30
                 	STD  Y+@0+1,R30
                 	STD  Y+@0+2,R30
                 	STD  Y+@0+3,R30
                 	.ENDM
                 
                 	.MACRO __POINTB1MN
                 	LDI  R30,LOW(@0+(@1))
                 	.ENDM
                 
                 	.MACRO __POINTW1MN
                 	LDI  R30,LOW(@0+(@1))
                 	LDI  R31,HIGH(@0+(@1))
                 	.ENDM
                 
                 	.MACRO __POINTD1M
                 	LDI  R30,LOW(@0)
                 	LDI  R31,HIGH(@0)
                 	LDI  R22,BYTE3(@0)
                 	LDI  R23,BYTE4(@0)
                 	.ENDM
                 
                 	.MACRO __POINTW1FN
                 	LDI  R30,LOW(2*@0+(@1))
                 	LDI  R31,HIGH(2*@0+(@1))
                 	.ENDM
                 
                 	.MACRO __POINTD1FN
                 	LDI  R30,LOW(2*@0+(@1))
                 	LDI  R31,HIGH(2*@0+(@1))
                 	LDI  R22,BYTE3(2*@0+(@1))
                 	LDI  R23,BYTE4(2*@0+(@1))
                 	.ENDM
                 
                 	.MACRO __POINTB2MN
                 	LDI  R26,LOW(@0+(@1))
                 	.ENDM
                 
                 	.MACRO __POINTW2MN
                 	LDI  R26,LOW(@0+(@1))
                 	LDI  R27,HIGH(@0+(@1))
                 	.ENDM
                 
                 	.MACRO __POINTBRM
                 	LDI  R@0,LOW(@1)
                 	.ENDM
                 
                 	.MACRO __POINTWRM
                 	LDI  R@0,LOW(@2)
                 	LDI  R@1,HIGH(@2)
                 	.ENDM
                 
                 	.MACRO __POINTBRMN
                 	LDI  R@0,LOW(@1+(@2))
                 	.ENDM
                 
                 	.MACRO __POINTWRMN
                 	LDI  R@0,LOW(@2+(@3))
                 	LDI  R@1,HIGH(@2+(@3))
                 	.ENDM
                 
                 	.MACRO __POINTWRFN
                 	LDI  R@0,LOW(@2*2+(@3))
                 	LDI  R@1,HIGH(@2*2+(@3))
                 	.ENDM
                 
                 	.MACRO __GETD1N
                 	LDI  R30,LOW(@0)
                 	LDI  R31,HIGH(@0)
                 	LDI  R22,BYTE3(@0)
                 	LDI  R23,BYTE4(@0)
                 	.ENDM
                 
                 	.MACRO __GETD2N
                 	LDI  R26,LOW(@0)
                 	LDI  R27,HIGH(@0)
                 	LDI  R24,BYTE3(@0)
                 	LDI  R25,BYTE4(@0)
                 	.ENDM
                 
                 	.MACRO __GETB1MN
                 	LDS  R30,@0+(@1)
                 	.ENDM
                 
                 	.MACRO __GETB1HMN
                 	LDS  R31,@0+(@1)
                 	.ENDM
                 
                 	.MACRO __GETW1MN
                 	LDS  R30,@0+(@1)
                 	LDS  R31,@0+(@1)+1
                 	.ENDM
                 
                 	.MACRO __GETD1MN
                 	LDS  R30,@0+(@1)
                 	LDS  R31,@0+(@1)+1
                 	LDS  R22,@0+(@1)+2
                 	LDS  R23,@0+(@1)+3
                 	.ENDM
                 
                 	.MACRO __GETBRMN
                 	LDS  R@0,@1+(@2)
                 	.ENDM
                 
                 	.MACRO __GETWRMN
                 	LDS  R@0,@2+(@3)
                 	LDS  R@1,@2+(@3)+1
                 	.ENDM
                 
                 	.MACRO __GETWRZ
                 	LDD  R@0,Z+@2
                 	LDD  R@1,Z+@2+1
                 	.ENDM
                 
                 	.MACRO __GETD2Z
                 	LDD  R26,Z+@0
                 	LDD  R27,Z+@0+1
                 	LDD  R24,Z+@0+2
                 	LDD  R25,Z+@0+3
                 	.ENDM
                 
                 	.MACRO __GETB2MN
                 	LDS  R26,@0+(@1)
                 	.ENDM
                 
                 	.MACRO __GETW2MN
                 	LDS  R26,@0+(@1)
                 	LDS  R27,@0+(@1)+1
                 	.ENDM
                 
                 	.MACRO __GETD2MN
                 	LDS  R26,@0+(@1)
                 	LDS  R27,@0+(@1)+1
                 	LDS  R24,@0+(@1)+2
                 	LDS  R25,@0+(@1)+3
                 	.ENDM
                 
                 	.MACRO __PUTB1MN
                 	STS  @0+(@1),R30
                 	.ENDM
                 
                 	.MACRO __PUTW1MN
                 	STS  @0+(@1),R30
                 	STS  @0+(@1)+1,R31
                 	.ENDM
                 
                 	.MACRO __PUTD1MN
                 	STS  @0+(@1),R30
                 	STS  @0+(@1)+1,R31
                 	STS  @0+(@1)+2,R22
                 	STS  @0+(@1)+3,R23
                 	.ENDM
                 
                 	.MACRO __PUTB1EN
                 	LDI  R26,LOW(@0+(@1))
                 	LDI  R27,HIGH(@0+(@1))
                 	CALL __EEPROMWRB
                 	.ENDM
                 
                 	.MACRO __PUTW1EN
                 	LDI  R26,LOW(@0+(@1))
                 	LDI  R27,HIGH(@0+(@1))
                 	CALL __EEPROMWRW
                 	.ENDM
                 
                 	.MACRO __PUTD1EN
                 	LDI  R26,LOW(@0+(@1))
                 	LDI  R27,HIGH(@0+(@1))
                 	CALL __EEPROMWRD
                 	.ENDM
                 
                 	.MACRO __PUTBR0MN
                 	STS  @0+(@1),R0
                 	.ENDM
                 
                 	.MACRO __PUTBMRN
                 	STS  @0+(@1),R@2
                 	.ENDM
                 
                 	.MACRO __PUTWMRN
                 	STS  @0+(@1),R@2
                 	STS  @0+(@1)+1,R@3
                 	.ENDM
                 
                 	.MACRO __PUTBZR
                 	STD  Z+@1,R@0
                 	.ENDM
                 
                 	.MACRO __PUTWZR
                 	STD  Z+@2,R@0
                 	STD  Z+@2+1,R@1
                 	.ENDM
                 
                 	.MACRO __GETW1R
                 	MOV  R30,R@0
                 	MOV  R31,R@1
                 	.ENDM
                 
                 	.MACRO __GETW2R
                 	MOV  R26,R@0
                 	MOV  R27,R@1
                 	.ENDM
                 
                 	.MACRO __GETWRN
                 	LDI  R@0,LOW(@2)
                 	LDI  R@1,HIGH(@2)
                 	.ENDM
                 
                 	.MACRO __PUTW1R
                 	MOV  R@0,R30
                 	MOV  R@1,R31
                 	.ENDM
                 
                 	.MACRO __PUTW2R
                 	MOV  R@0,R26
                 	MOV  R@1,R27
                 	.ENDM
                 
                 	.MACRO __ADDWRN
                 	SUBI R@0,LOW(-@2)
                 	SBCI R@1,HIGH(-@2)
                 	.ENDM
                 
                 	.MACRO __ADDWRR
                 	ADD  R@0,R@2
                 	ADC  R@1,R@3
                 	.ENDM
                 
                 	.MACRO __SUBWRN
                 	SUBI R@0,LOW(@2)
                 	SBCI R@1,HIGH(@2)
                 	.ENDM
                 
                 	.MACRO __SUBWRR
                 	SUB  R@0,R@2
                 	SBC  R@1,R@3
                 	.ENDM
                 
                 	.MACRO __ANDWRN
                 	ANDI R@0,LOW(@2)
                 	ANDI R@1,HIGH(@2)
                 	.ENDM
                 
                 	.MACRO __ANDWRR
                 	AND  R@0,R@2
                 	AND  R@1,R@3
                 	.ENDM
                 
                 	.MACRO __ORWRN
                 	ORI  R@0,LOW(@2)
                 	ORI  R@1,HIGH(@2)
                 	.ENDM
                 
                 	.MACRO __ORWRR
                 	OR   R@0,R@2
                 	OR   R@1,R@3
                 	.ENDM
                 
                 	.MACRO __EORWRR
                 	EOR  R@0,R@2
                 	EOR  R@1,R@3
                 	.ENDM
                 
                 	.MACRO __GETWRS
                 	LDD  R@0,Y+@2
                 	LDD  R@1,Y+@2+1
                 	.ENDM
                 
                 	.MACRO __PUTBSR
                 	STD  Y+@1,R@0
                 	.ENDM
                 
                 	.MACRO __PUTWSR
                 	STD  Y+@2,R@0
                 	STD  Y+@2+1,R@1
                 	.ENDM
                 
                 	.MACRO __MOVEWRR
                 	MOV  R@0,R@2
                 	MOV  R@1,R@3
                 	.ENDM
                 
                 	.MACRO __INWR
                 	IN   R@0,@2
                 	IN   R@1,@2+1
                 	.ENDM
                 
                 	.MACRO __OUTWR
                 	OUT  @2+1,R@1
                 	OUT  @2,R@0
                 	.ENDM
                 
                 	.MACRO __CALL1MN
                 	LDS  R30,@0+(@1)
                 	LDS  R31,@0+(@1)+1
                 	ICALL
                 	.ENDM
                 
                 	.MACRO __CALL1FN
                 	LDI  R30,LOW(2*@0+(@1))
                 	LDI  R31,HIGH(2*@0+(@1))
                 	CALL __GETW1PF
                 	ICALL
                 	.ENDM
                 
                 	.MACRO __CALL2EN
                 	LDI  R26,LOW(@0+(@1))
                 	LDI  R27,HIGH(@0+(@1))
                 	CALL __EEPROMRDW
                 	ICALL
                 	.ENDM
                 
                 	.MACRO __GETW1STACK
                 	IN   R26,SPL
                 	IN   R27,SPH
                 	ADIW R26,@0+1
                 	LD   R30,X+
                 	LD   R31,X
                 	.ENDM
                 
                 	.MACRO __GETD1STACK
                 	IN   R26,SPL
                 	IN   R27,SPH
                 	ADIW R26,@0+1
                 	LD   R30,X+
                 	LD   R31,X+
                 	LD   R22,X
                 	.ENDM
                 
                 	.MACRO __NBST
                 	BST  R@0,@1
                 	IN   R30,SREG
                 	LDI  R31,0x40
                 	EOR  R30,R31
                 	OUT  SREG,R30
                 	.ENDM
                 
                 
                 	.MACRO __PUTB1SN
                 	LDD  R26,Y+@0
                 	LDD  R27,Y+@0+1
                 	SUBI R26,LOW(-@1)
                 	SBCI R27,HIGH(-@1)
                 	ST   X,R30
                 	.ENDM
                 
                 	.MACRO __PUTW1SN
                 	LDD  R26,Y+@0
                 	LDD  R27,Y+@0+1
                 	SUBI R26,LOW(-@1)
                 	SBCI R27,HIGH(-@1)
                 	ST   X+,R30
                 	ST   X,R31
                 	.ENDM
                 
                 	.MACRO __PUTD1SN
                 	LDD  R26,Y+@0
                 	LDD  R27,Y+@0+1
                 	SUBI R26,LOW(-@1)
                 	SBCI R27,HIGH(-@1)
                 	CALL __PUTDP1
                 	.ENDM
                 
                 	.MACRO __PUTB1SNS
                 	LDD  R26,Y+@0
                 	LDD  R27,Y+@0+1
                 	ADIW R26,@1
                 	ST   X,R30
                 	.ENDM
                 
                 	.MACRO __PUTW1SNS
                 	LDD  R26,Y+@0
                 	LDD  R27,Y+@0+1
                 	ADIW R26,@1
                 	ST   X+,R30
                 	ST   X,R31
                 	.ENDM
                 
                 	.MACRO __PUTD1SNS
                 	LDD  R26,Y+@0
                 	LDD  R27,Y+@0+1
                 	ADIW R26,@1
                 	CALL __PUTDP1
                 	.ENDM
                 
                 	.MACRO __PUTB1PMN
                 	LDS  R26,@0
                 	LDS  R27,@0+1
                 	SUBI R26,LOW(-@1)
                 	SBCI R27,HIGH(-@1)
                 	ST   X,R30
                 	.ENDM
                 
                 	.MACRO __PUTW1PMN
                 	LDS  R26,@0
                 	LDS  R27,@0+1
                 	SUBI R26,LOW(-@1)
                 	SBCI R27,HIGH(-@1)
                 	ST   X+,R30
                 	ST   X,R31
                 	.ENDM
                 
                 	.MACRO __PUTD1PMN
                 	LDS  R26,@0
                 	LDS  R27,@0+1
                 	SUBI R26,LOW(-@1)
                 	SBCI R27,HIGH(-@1)
                 	CALL __PUTDP1
                 	.ENDM
                 
                 	.MACRO __PUTB1PMNS
                 	LDS  R26,@0
                 	LDS  R27,@0+1
                 	ADIW R26,@1
                 	ST   X,R30
                 	.ENDM
                 
                 	.MACRO __PUTW1PMNS
                 	LDS  R26,@0
                 	LDS  R27,@0+1
                 	ADIW R26,@1
                 	ST   X+,R30
                 	ST   X,R31
                 	.ENDM
                 
                 	.MACRO __PUTD1PMNS
                 	LDS  R26,@0
                 	LDS  R27,@0+1
                 	ADIW R26,@1
                 	CALL __PUTDP1
                 	.ENDM
                 
                 	.MACRO __PUTB1RN
                 	MOVW R26,R@0
                 	SUBI R26,LOW(-@1)
                 	SBCI R27,HIGH(-@1)
                 	ST   X,R30
                 	.ENDM
                 
                 	.MACRO __PUTW1RN
                 	MOVW R26,R@0
                 	SUBI R26,LOW(-@1)
                 	SBCI R27,HIGH(-@1)
                 	ST   X+,R30
                 	ST   X,R31
                 	.ENDM
                 
                 	.MACRO __PUTD1RN
                 	MOVW R26,R@0
                 	SUBI R26,LOW(-@1)
                 	SBCI R27,HIGH(-@1)
                 	CALL __PUTDP1
                 	.ENDM
                 
                 	.MACRO __PUTB1RNS
                 	MOVW R26,R@0
                 	ADIW R26,@1
                 	ST   X,R30
                 	.ENDM
                 
                 	.MACRO __PUTW1RNS
                 	MOVW R26,R@0
                 	ADIW R26,@1
                 	ST   X+,R30
                 	ST   X,R31
                 	.ENDM
                 
                 	.MACRO __PUTD1RNS
                 	MOVW R26,R@0
                 	ADIW R26,@1
                 	CALL __PUTDP1
                 	.ENDM
                 
                 	.MACRO __PUTB1RON
                 	MOV  R26,R@0
                 	MOV  R27,R@1
                 	SUBI R26,LOW(-@2)
                 	SBCI R27,HIGH(-@2)
                 	ST   X,R30
                 	.ENDM
                 
                 	.MACRO __PUTW1RON
                 	MOV  R26,R@0
                 	MOV  R27,R@1
                 	SUBI R26,LOW(-@2)
                 	SBCI R27,HIGH(-@2)
                 	ST   X+,R30
                 	ST   X,R31
                 	.ENDM
                 
                 	.MACRO __PUTD1RON
                 	MOV  R26,R@0
                 	MOV  R27,R@1
                 	SUBI R26,LOW(-@2)
                 	SBCI R27,HIGH(-@2)
                 	CALL __PUTDP1
                 	.ENDM
                 
                 	.MACRO __PUTB1RONS
                 	MOV  R26,R@0
                 	MOV  R27,R@1
                 	ADIW R26,@2
                 	ST   X,R30
                 	.ENDM
                 
                 	.MACRO __PUTW1RONS
                 	MOV  R26,R@0
                 	MOV  R27,R@1
                 	ADIW R26,@2
                 	ST   X+,R30
                 	ST   X,R31
                 	.ENDM
                 
                 	.MACRO __PUTD1RONS
                 	MOV  R26,R@0
                 	MOV  R27,R@1
                 	ADIW R26,@2
                 	CALL __PUTDP1
                 	.ENDM
                 
                 
                 	.MACRO __GETB1SX
                 	MOVW R30,R28
                 	SUBI R30,LOW(-@0)
                 	SBCI R31,HIGH(-@0)
                 	LD   R30,Z
                 	.ENDM
                 
                 	.MACRO __GETB1HSX
                 	MOVW R30,R28
                 	SUBI R30,LOW(-@0)
                 	SBCI R31,HIGH(-@0)
                 	LD   R31,Z
                 	.ENDM
                 
                 	.MACRO __GETW1SX
                 	MOVW R30,R28
                 	SUBI R30,LOW(-@0)
                 	SBCI R31,HIGH(-@0)
                 	LD   R0,Z+
                 	LD   R31,Z
                 	MOV  R30,R0
                 	.ENDM
                 
                 	.MACRO __GETD1SX
                 	MOVW R30,R28
                 	SUBI R30,LOW(-@0)
                 	SBCI R31,HIGH(-@0)
                 	LD   R0,Z+
                 	LD   R1,Z+
                 	LD   R22,Z+
                 	LD   R23,Z
                 	MOVW R30,R0
                 	.ENDM
                 
                 	.MACRO __GETB2SX
                 	MOVW R26,R28
                 	SUBI R26,LOW(-@0)
                 	SBCI R27,HIGH(-@0)
                 	LD   R26,X
                 	.ENDM
                 
                 	.MACRO __GETW2SX
                 	MOVW R26,R28
                 	SUBI R26,LOW(-@0)
                 	SBCI R27,HIGH(-@0)
                 	LD   R0,X+
                 	LD   R27,X
                 	MOV  R26,R0
                 	.ENDM
                 
                 	.MACRO __GETD2SX
                 	MOVW R26,R28
                 	SUBI R26,LOW(-@0)
                 	SBCI R27,HIGH(-@0)
                 	LD   R0,X+
                 	LD   R1,X+
                 	LD   R24,X+
                 	LD   R25,X
                 	MOVW R26,R0
                 	.ENDM
                 
                 	.MACRO __GETBRSX
                 	MOVW R30,R28
                 	SUBI R30,LOW(-@1)
                 	SBCI R31,HIGH(-@1)
                 	LD   R@0,Z
                 	.ENDM
                 
                 	.MACRO __GETWRSX
                 	MOVW R30,R28
                 	SUBI R30,LOW(-@2)
                 	SBCI R31,HIGH(-@2)
                 	LD   R@0,Z+
                 	LD   R@1,Z
                 	.ENDM
                 
                 	.MACRO __GETBRSX2
                 	MOVW R26,R28
                 	SUBI R26,LOW(-@1)
                 	SBCI R27,HIGH(-@1)
                 	LD   R@0,X
                 	.ENDM
                 
                 	.MACRO __GETWRSX2
                 	MOVW R26,R28
                 	SUBI R26,LOW(-@2)
                 	SBCI R27,HIGH(-@2)
                 	LD   R@0,X+
                 	LD   R@1,X
                 	.ENDM
                 
                 	.MACRO __LSLW8SX
                 	MOVW R30,R28
                 	SUBI R30,LOW(-@0)
                 	SBCI R31,HIGH(-@0)
                 	LD   R31,Z
                 	CLR  R30
                 	.ENDM
                 
                 	.MACRO __PUTB1SX
                 	MOVW R26,R28
                 	SUBI R26,LOW(-@0)
                 	SBCI R27,HIGH(-@0)
                 	ST   X,R30
                 	.ENDM
                 
                 	.MACRO __PUTW1SX
                 	MOVW R26,R28
                 	SUBI R26,LOW(-@0)
                 	SBCI R27,HIGH(-@0)
                 	ST   X+,R30
                 	ST   X,R31
                 	.ENDM
                 
                 	.MACRO __PUTD1SX
                 	MOVW R26,R28
                 	SUBI R26,LOW(-@0)
                 	SBCI R27,HIGH(-@0)
                 	ST   X+,R30
                 	ST   X+,R31
                 	ST   X+,R22
                 	ST   X,R23
                 	.ENDM
                 
                 	.MACRO __CLRW1SX
                 	MOVW R26,R28
                 	SUBI R26,LOW(-@0)
                 	SBCI R27,HIGH(-@0)
                 	ST   X+,R30
                 	ST   X,R30
                 	.ENDM
                 
                 	.MACRO __CLRD1SX
                 	MOVW R26,R28
                 	SUBI R26,LOW(-@0)
                 	SBCI R27,HIGH(-@0)
                 	ST   X+,R30
                 	ST   X+,R30
                 	ST   X+,R30
                 	ST   X,R30
                 	.ENDM
                 
                 	.MACRO __PUTB2SX
                 	MOVW R30,R28
                 	SUBI R30,LOW(-@0)
                 	SBCI R31,HIGH(-@0)
                 	ST   Z,R26
                 	.ENDM
                 
                 	.MACRO __PUTW2SX
                 	MOVW R30,R28
                 	SUBI R30,LOW(-@0)
                 	SBCI R31,HIGH(-@0)
                 	ST   Z+,R26
                 	ST   Z,R27
                 	.ENDM
                 
                 	.MACRO __PUTD2SX
                 	MOVW R30,R28
                 	SUBI R30,LOW(-@0)
                 	SBCI R31,HIGH(-@0)
                 	ST   Z+,R26
                 	ST   Z+,R27
                 	ST   Z+,R24
                 	ST   Z,R25
                 	.ENDM
                 
                 	.MACRO __PUTBSRX
                 	MOVW R30,R28
                 	SUBI R30,LOW(-@1)
                 	SBCI R31,HIGH(-@1)
                 	ST   Z,R@0
                 	.ENDM
                 
                 	.MACRO __PUTWSRX
                 	MOVW R30,R28
                 	SUBI R30,LOW(-@2)
                 	SBCI R31,HIGH(-@2)
                 	ST   Z+,R@0
                 	ST   Z,R@1
                 	.ENDM
                 
                 	.MACRO __PUTB1SNX
                 	MOVW R26,R28
                 	SUBI R26,LOW(-@0)
                 	SBCI R27,HIGH(-@0)
                 	LD   R0,X+
                 	LD   R27,X
                 	MOV  R26,R0
                 	SUBI R26,LOW(-@1)
                 	SBCI R27,HIGH(-@1)
                 	ST   X,R30
                 	.ENDM
                 
                 	.MACRO __PUTW1SNX
                 	MOVW R26,R28
                 	SUBI R26,LOW(-@0)
                 	SBCI R27,HIGH(-@0)
                 	LD   R0,X+
                 	LD   R27,X
                 	MOV  R26,R0
                 	SUBI R26,LOW(-@1)
                 	SBCI R27,HIGH(-@1)
                 	ST   X+,R30
                 	ST   X,R31
                 	.ENDM
                 
                 	.MACRO __PUTD1SNX
                 	MOVW R26,R28
                 	SUBI R26,LOW(-@0)
                 	SBCI R27,HIGH(-@0)
                 	LD   R0,X+
                 	LD   R27,X
                 	MOV  R26,R0
                 	SUBI R26,LOW(-@1)
                 	SBCI R27,HIGH(-@1)
                 	ST   X+,R30
                 	ST   X+,R31
                 	ST   X+,R22
                 	ST   X,R23
                 	.ENDM
                 
                 	.MACRO __MULBRR
                 	MULS R@0,R@1
                 	MOVW R30,R0
                 	.ENDM
                 
                 	.MACRO __MULBRRU
                 	MUL  R@0,R@1
                 	MOVW R30,R0
                 	.ENDM
                 
                 	.MACRO __MULBRR0
                 	MULS R@0,R@1
                 	.ENDM
                 
                 	.MACRO __MULBRRU0
                 	MUL  R@0,R@1
                 	.ENDM
                 
                 	.MACRO __MULBNWRU
                 	LDI  R26,@2
                 	MUL  R26,R@0
                 	MOVW R30,R0
                 	MUL  R26,R@1
                 	ADD  R31,R0
                 	.ENDM
                 
                 ;NAME DEFINITIONS FOR GLOBAL VARIABLES ALLOCATED TO REGISTERS
                 	.DEF _i=R4
                 	.DEF _posit=R7
                 	.DEF _time_counter=R8
                 	.DEF _keyValue=R6
                 	.DEF _aa=R11
                 	.DEF _bb=R10
                 	.DEF _cc=R13
                 	.DEF _dd=R12
                 
                 	.CSEG
                 	.ORG 0x00
                 
                 ;START OF CODE MARKER
                 __START_OF_CODE:
                 
                 ;INTERRUPT VECTORS
000000 940c 0049 	JMP  __RESET
000002 940c 0000 	JMP  0x00
000004 940c 0000 	JMP  0x00
000006 940c 0000 	JMP  0x00
000008 940c 0000 	JMP  0x00
00000a 940c 0000 	JMP  0x00
00000c 940c 0000 	JMP  0x00
00000e 940c 0000 	JMP  0x00
000010 940c 0000 	JMP  0x00
000012 940c 0000 	JMP  0x00
000014 940c 0000 	JMP  0x00
000016 940c 0000 	JMP  0x00
000018 940c 0000 	JMP  0x00
00001a 940c 0000 	JMP  0x00
00001c 940c 0000 	JMP  0x00
00001e 940c 0000 	JMP  0x00
000020 940c 0000 	JMP  0x00
000022 940c 0000 	JMP  0x00
000024 940c 0000 	JMP  0x00
000026 940c 00c5 	JMP  _timer0_comp_isr
000028 940c 0000 	JMP  0x00
                 
                 _led_7:
00002a 063f
00002b 4f5b
00002c 6d66
00002d 077d      	.DB  0x3F,0x6,0x5B,0x4F,0x66,0x6D,0x7D,0x7
00002e 6f7f      	.DB  0x7F,0x6F
                 _position:
00002f c3c3
000030 93a3      	.DB  0xC3,0xC3,0xA3,0x93
                 
                 ;REGISTER BIT VARIABLES INITIALIZATION
                 __REG_BIT_VARS:
000031 0000      	.DW  0x0000
                 
                 _0x3:
000032 bf7f
000033 efdf
000034 fbf7
000035 fefd      	.DB  0x7F,0xBF,0xDF,0xEF,0xF7,0xFB,0xFD,0xFE
                 _0x4:
000036 063f
000037 4f5b
000038 6d66
000039 077d      	.DB  0x3F,0x6,0x5B,0x4F,0x66,0x6D,0x7D,0x7
00003a 6f7f
00003b 7c77
00003c 5e39
00003d 7179      	.DB  0x7F,0x6F,0x77,0x7C,0x39,0x5E,0x79,0x71
                 _0x3C:
00003e 0000      	.DB  0x0,0x0
                 
                 __GLOBAL_INI_TBL:
00003f 0001      	.DW  0x01
000040 0002      	.DW  0x02
000041 0062      	.DW  __REG_BIT_VARS*2
                 
000042 0008      	.DW  0x08
000043 0160      	.DW  _resit
000044 0064      	.DW  _0x3*2
                 
000045 0002      	.DW  0x02
000046 0004      	.DW  0x04
000047 007c      	.DW  _0x3C*2
                 
                 _0xFFFFFFFF:
000048 0000      	.DW  0
                 
                 __RESET:
000049 94f8      	CLI
00004a 27ee      	CLR  R30
00004b bbec      	OUT  EECR,R30
                 
                 ;INTERRUPT VECTORS ARE PLACED
                 ;AT THE START OF FLASH
00004c e0f1      	LDI  R31,1
00004d bffb      	OUT  GICR,R31
00004e bfeb      	OUT  GICR,R30
00004f bfe5      	OUT  MCUCR,R30
                 
                 ;DISABLE WATCHDOG
000050 e1f8      	LDI  R31,0x18
000051 bdf1      	OUT  WDTCR,R31
000052 bde1      	OUT  WDTCR,R30
                 
                 ;CLEAR R2-R14
000053 e08d      	LDI  R24,(14-2)+1
000054 e0a2      	LDI  R26,2
000055 27bb      	CLR  R27
                 __CLEAR_REG:
000056 93ed      	ST   X+,R30
000057 958a      	DEC  R24
000058 f7e9      	BRNE __CLEAR_REG
                 
                 ;CLEAR SRAM
000059 e080      	LDI  R24,LOW(__CLEAR_SRAM_SIZE)
00005a e094      	LDI  R25,HIGH(__CLEAR_SRAM_SIZE)
00005b e6a0      	LDI  R26,__SRAM_START
                 __CLEAR_SRAM:
00005c 93ed      	ST   X+,R30
00005d 9701      	SBIW R24,1
00005e f7e9      	BRNE __CLEAR_SRAM
                 
                 ;GLOBAL VARIABLES INITIALIZATION
00005f e7ee      	LDI  R30,LOW(__GLOBAL_INI_TBL*2)
000060 e0f0      	LDI  R31,HIGH(__GLOBAL_INI_TBL*2)
                 __GLOBAL_INI_NEXT:
000061 9185      	LPM  R24,Z+
000062 9195      	LPM  R25,Z+
000063 9700      	SBIW R24,0
000064 f061      	BREQ __GLOBAL_INI_END
000065 91a5      	LPM  R26,Z+
000066 91b5      	LPM  R27,Z+
000067 9005      	LPM  R0,Z+
000068 9015      	LPM  R1,Z+
000069 01bf      	MOVW R22,R30
00006a 01f0      	MOVW R30,R0
                 __GLOBAL_INI_LOOP:
00006b 9005      	LPM  R0,Z+
00006c 920d      	ST   X+,R0
00006d 9701      	SBIW R24,1
00006e f7e1      	BRNE __GLOBAL_INI_LOOP
00006f 01fb      	MOVW R30,R22
000070 cff0      	RJMP __GLOBAL_INI_NEXT
                 __GLOBAL_INI_END:
                 
                 ;HARDWARE STACK POINTER INITIALIZATION
000071 e5ef      	LDI  R30,LOW(__SRAM_END-__HEAP_SIZE)
000072 bfed      	OUT  SPL,R30
000073 e0e4      	LDI  R30,HIGH(__SRAM_END-__HEAP_SIZE)
000074 bfee      	OUT  SPH,R30
                 
                 ;DATA STACK POINTER INITIALIZATION
000075 e6c0      	LDI  R28,LOW(__SRAM_START+__DSTACK_SIZE)
000076 e0d1      	LDI  R29,HIGH(__SRAM_START+__DSTACK_SIZE)
                 
000077 940c 016b 	JMP  _main
                 
                 	.ESEG
                 	.ORG 0
                 
                 	.DSEG
                 	.ORG 0x160
                 
                 	.CSEG
                 ;//#include "avr/io.h"
                 ;         //包含AVR单片机寄存器定义的头文件
                 ;         #include <mega16.h>
                 	#ifndef __SLEEP_DEFINED__
                 	#define __SLEEP_DEFINED__
                 	.EQU __se_bit=0x40
                 	.EQU __sm_mask=0xB0
                 	.EQU __sm_powerdown=0x20
                 	.EQU __sm_powersave=0x30
                 	.EQU __sm_standby=0xA0
                 	.EQU __sm_ext_standby=0xB0
                 	.EQU __sm_adc_noise_red=0x10
                 	.SET power_ctrl_reg=mcucr
                 	#endif
                 ;#include "NBCAVR.h"         //包含位操作的头文件
                 ;
                 ;#define uchar unsigned char
                 ;#define uint  unsigned int
                 ;
                 ;#define LED_Data  PORTB
                 ;#define Dataport PORTC
                 ;#define LED_1 PIOD4
                 ;#define LED_2 PIOD5
                 ;#define LED_3 PIOD6
                 ;#define LED_4 PIOA6
                 ;
                 ;#define S1 PIOD2           //定义按键IO
                 ;#define S2 PIOD0
                 ;#define S3 PIOD3
                 ;#define S4 PIOD1
                 ;#define S5 PIOA7
                 ;
                 ;
                 ;
                 ;
                 ;
                 ;flash char led_7[10]={0x3F,0x06,0x5B,0x4F,0x66,0x6D,0x7D,0x07,0x7F,0x6F};
                 ;//flash char position[6]={0xfe,0xfd,0xfb,0xf7,0xef,0xdf};
                 ;//flash char position[4]={0xff,0xbf,0xdf,0xef};
                 ;flash char position[4]={0xc3,0xc3,0xa3,0x93};
                 ;flash char positiona[4]={0x43,0x03,0x03,0x03};                                      // 位选PORTA
                 ;uchar resit[8]={0x7F, 0xBF, 0xDF, 0xEF, 0xF7, 0xFB, 0xFD, 0xFE};
                 
                 	.DSEG
                 ;
                 ;int i=0;
                 ;//int time_counter; // 中断次数计数单元
                 ;char posit;
                 ;bit point_on, time_1s_ok;
                 ;
                 ;char time[2]; // 时、分、秒计数
                 ;char dis_buff[4]; // 显示缓冲区，存放要显示的 6 个字符的段码值
                 ;uint time_counter; // 1 秒计数器
                 ;//bit point_on; // 秒显示标志
                 ;
                 ;
                 ;
                 ;uchar keyValue;             //定义扫描结果参数
                 ;//uchar  dis[16]={0x3F,0x06,0x5B,0x4F,0x66,0x6D,0x7D,0x07,
                 ;             //  0    1    2    3    4    5    6    7
                 ;              // 0x7F,0x6F,0x77,0x7C,0x39,0x5E,0x79,0x71};//0~F的段码
                 ;             //  8    9    A    B    C    D    E    F
                 ;
                 ;
                 ;
                 ;
                 ;
                 ;
                 ;
                 ;
                 ;uchar keyValue;             //定义扫描结果参数
                 ;uchar  dis[16]={0x3F,0x06,0x5B,0x4F,0x66,0x6D,0x7D,0x07,
                 ;             //  0    1    2    3    4    5    6    7
                 ;               0x7F,0x6F,0x77,0x7C,0x39,0x5E,0x79,0x71};//0~F的段码
                 ;             //  8    9    A    B    C    D    E    F
                 ;
                 ;uchar aa; //片选
                 ;uchar bb;//字符
                 ;uchar cc;//信号量
                 ;uchar dd;
                 ;
                 ;
                 ;//***********************************************************************************
                 ;//延时
                 ;//***********************************************************************************
                 ;void delay(uint time)
                 ; 0000 004A {
                 
                 	.CSEG
                 _delay:
                 ; 0000 004B 	uint i,j;
                 ; 0000 004C 	for(i = 0;i < time; i++)
000079 940e 0208 	CALL __SAVELOCR4
                 ;	time -> Y+4
                 ;	i -> R16,R17
                 ;	j -> R18,R19
                +
00007b e000     +LDI R16 , LOW ( 0 )
00007c e010     +LDI R17 , HIGH ( 0 )
                 	__GETWRN 16,17,0
                 _0x6:
00007d 81ec      	LDD  R30,Y+4
00007e 81fd      	LDD  R31,Y+4+1
00007f 170e      	CP   R16,R30
000080 071f      	CPC  R17,R31
000081 f460      	BRSH _0x7
                 ; 0000 004D 	{
                 ; 0000 004E 	  for(j = 0;j < 30; j++);
                +
000082 e020     +LDI R18 , LOW ( 0 )
000083 e030     +LDI R19 , HIGH ( 0 )
                 	__GETWRN 18,19,0
                 _0x9:
                +
000084 312e     +CPI R18 , LOW ( 30 )
000085 e0e0     +LDI R30 , HIGH ( 30 )
000086 073e     +CPC R19 , R30
                 	__CPWRN 18,19,30
000087 f418      	BRSH _0xA
                +
000088 5f2f     +SUBI R18 , LOW ( - 1 )
000089 4f3f     +SBCI R19 , HIGH ( - 1 )
                 	__ADDWRN 18,19,1
00008a cff9      	RJMP _0x9
                 _0xA:
                 ; 0000 004F     }
                +
00008b 5f0f     +SUBI R16 , LOW ( - 1 )
00008c 4f1f     +SBCI R17 , HIGH ( - 1 )
                 	__ADDWRN 16,17,1
00008d cfef      	RJMP _0x6
                 _0x7:
                 ; 0000 0050 }
00008e 940e 020d 	CALL __LOADLOCR4
000090 9626      	ADIW R28,6
000091 9508      	RET
                 ;
                 ;//***********************************************************************************
                 ;//IO初始化操作
                 ;//***********************************************************************************
                 ;void IO_init(void)
                 ; 0000 0056 {
                 _IO_init:
                 ; 0000 0057     DDRB =0xFF;            //设置PB口为输出
000092 efef      	LDI  R30,LOW(255)
000093 bbe7      	OUT  0x17,R30
                 ; 0000 0058 	DDRD.7=1;        //蜂鸣器
000094 9a8f      	SBI  0x11,7
                 ; 0000 0059     DDRC =0xFF;            //设置PC口为输出
000095 bbe4      	OUT  0x14,R30
                 ; 0000 005A /*	DIRD0=0;		            //设置PB0口为输出口
                 ; 0000 005B     DIRD1=0;
                 ; 0000 005C     DIRD2=0;
                 ; 0000 005D 	DIRD3=0;
                 ; 0000 005E     PIOD0=1;
                 ; 0000 005F     PIOD1=1;
                 ; 0000 0060     PIOD2=1;
                 ; 0000 0061     PIOD3=1;
                 ; 0000 0062 
                 ; 0000 0063 	DIRD4=1;
                 ; 0000 0064     DIRD5=1;
                 ; 0000 0065     DIRD6=1;
                 ; 0000 0066 	DIRD7=1;
                 ; 0000 0067     DIRA6=1;
                 ; 0000 0068 	DIRA7=0;*/
                 ; 0000 0069 	DDRD =0xf0;    //设置PD口为输入
000096 efe0      	LDI  R30,LOW(240)
000097 bbe1      	OUT  0x11,R30
                 ; 0000 006A 	PORTD=0x0f;    //设置PD上拉
000098 e0ef      	LDI  R30,LOW(15)
000099 bbe2      	OUT  0x12,R30
                 ; 0000 006B 
                 ; 0000 006C 
                 ; 0000 006D     PORTC = 0x00;
00009a e0e0      	LDI  R30,LOW(0)
00009b bbe5      	OUT  0x15,R30
                 ; 0000 006E     DDRC = 0xff;
00009c efef      	LDI  R30,LOW(255)
00009d bbe4      	OUT  0x14,R30
                 ; 0000 006F      PORTA = 0x00;
00009e e0e0      	LDI  R30,LOW(0)
00009f bbeb      	OUT  0x1B,R30
                 ; 0000 0070 
                 ; 0000 0071     DDRA = 0x40;
0000a0 e4e0      	LDI  R30,LOW(64)
0000a1 bbea      	OUT  0x1A,R30
                 ; 0000 0072     PORTB = 0xff;
0000a2 efef      	LDI  R30,LOW(255)
0000a3 bbe8      	OUT  0x18,R30
                 ; 0000 0073     DDRB = 0xff;
0000a4 bbe7      	OUT  0x17,R30
                 ; 0000 0074 
                 ; 0000 0075 
                 ; 0000 0076 
                 ; 0000 0077 }
0000a5 9508      	RET
                 ;
                 ;
                 ;
                 ;
                 ;
                 ;
                 ;
                 ;
                 ;
                 ;
                 ;
                 ;
                 ;
                 ;  void display() // 扫描显示函数，执行时间 12ms
                 ; 0000 0086 {
                 _display:
                 ; 0000 0087     PORTA.6=0;
0000a6 98de      	CBI  0x1B,6
                 ; 0000 0088     PORTD =0x03;
0000a7 e0e3      	LDI  R30,LOW(3)
0000a8 bbe2      	OUT  0x12,R30
                 ; 0000 0089  //char i;
                 ; 0000 008A  //for(i=0;i<=3;i++)
                 ; 0000 008B  //{
                 ; 0000 008C  PORTC = led_7[dis_buff[posit]];
0000a9 2de7      	MOV  R30,R7
0000aa d10b      	RCALL SUBOPT_0x0
0000ab 81e0      	LD   R30,Z
0000ac d10d      	RCALL SUBOPT_0x1
0000ad ba05      	OUT  0x15,R0
                 ; 0000 008D  if (point_on && posit==2) PORTC |= 0x80; // (1)
0000ae fe20      	SBRS R2,0
0000af c003      	RJMP _0x10
0000b0 e0e2      	LDI  R30,LOW(2)
0000b1 15e7      	CP   R30,R7
0000b2 f009      	BREQ _0x11
                 _0x10:
0000b3 c001      	RJMP _0xF
                 _0x11:
0000b4 9aaf      	SBI  0x15,7
                 ; 0000 008E 
                 ; 0000 008F  //PORTD = position[posit];
                 ; 0000 0090  //PORTA = positiona[posit];
                 ; 0000 0091 
                 ; 0000 0092 
                 ; 0000 0093  if(posit==0)
                 _0xF:
0000b5 2077      	TST  R7
0000b6 f411      	BRNE _0x12
                 ; 0000 0094     {
                 ; 0000 0095        PORTA.6=1;
0000b7 9ade      	SBI  0x1B,6
                 ; 0000 0096     }
                 ; 0000 0097     else
0000b8 c006      	RJMP _0x15
                 _0x12:
                 ; 0000 0098     {
                 ; 0000 0099        PORTD = position[posit];
0000b9 2de7      	MOV  R30,R7
0000ba e0f0      	LDI  R31,0
0000bb 5ae2      	SUBI R30,LOW(-_position*2)
0000bc 4fff      	SBCI R31,HIGH(-_position*2)
0000bd 9004      	LPM  R0,Z
0000be ba02      	OUT  0x12,R0
                 ; 0000 009A     }
                 _0x15:
                 ; 0000 009B 
                 ; 0000 009C 
                 ; 0000 009D 
                 ; 0000 009E  //delay_ms(2); // (2)
                 ; 0000 009F  //PORTC = 0xff; // (3)
                 ; 0000 00A0  if(++posit >= 4)
0000bf 9473      	INC  R7
0000c0 e0e4      	LDI  R30,LOW(4)
0000c1 167e      	CP   R7,R30
0000c2 f008      	BRLO _0x16
                 ; 0000 00A1     {
                 ; 0000 00A2         posit = 0;
0000c3 2477      	CLR  R7
                 ; 0000 00A3     }
                 ; 0000 00A4  //}
                 ; 0000 00A5 }
                 _0x16:
0000c4 9508      	RET
                 ;
                 ;
                 ;
                 ;
                 ;
                 ;
                 ;interrupt [TIM0_COMP] void timer0_comp_isr(void)
                 ; 0000 00AD {
                 _timer0_comp_isr:
0000c5 920a      	ST   -Y,R0
0000c6 921a      	ST   -Y,R1
0000c7 92fa      	ST   -Y,R15
0000c8 936a      	ST   -Y,R22
0000c9 937a      	ST   -Y,R23
0000ca 938a      	ST   -Y,R24
0000cb 939a      	ST   -Y,R25
0000cc 93aa      	ST   -Y,R26
0000cd 93ba      	ST   -Y,R27
0000ce 93ea      	ST   -Y,R30
0000cf 93fa      	ST   -Y,R31
0000d0 b7ef      	IN   R30,SREG
0000d1 93ea      	ST   -Y,R30
                 ; 0000 00AE  display(); // 调用 LED 扫描显示
0000d2 dfd3      	RCALL _display
                 ; 0000 00AF  if (++time_counter>=500)
0000d3 01f4      	MOVW R30,R8
0000d4 9631      	ADIW R30,1
0000d5 014f      	MOVW R8,R30
0000d6 3fe4      	CPI  R30,LOW(0x1F4)
0000d7 e0a1      	LDI  R26,HIGH(0x1F4)
0000d8 07fa      	CPC  R31,R26
0000d9 f020      	BRLO _0x17
                 ; 0000 00B0  {
                 ; 0000 00B1  time_counter = 0;
0000da 2488      	CLR  R8
0000db 2499      	CLR  R9
                 ; 0000 00B2  time_1s_ok = 1;
0000dc 9468      	SET
0000dd f821      	BLD  R2,1
                 ; 0000 00B3  }
                 ; 0000 00B4 }
                 _0x17:
0000de 91e9      	LD   R30,Y+
0000df bfef      	OUT  SREG,R30
0000e0 91f9      	LD   R31,Y+
0000e1 91e9      	LD   R30,Y+
0000e2 91b9      	LD   R27,Y+
0000e3 91a9      	LD   R26,Y+
0000e4 9199      	LD   R25,Y+
0000e5 9189      	LD   R24,Y+
0000e6 9179      	LD   R23,Y+
0000e7 9169      	LD   R22,Y+
0000e8 90f9      	LD   R15,Y+
0000e9 9019      	LD   R1,Y+
0000ea 9009      	LD   R0,Y+
0000eb 9518      	RETI
                 ;
                 ;
                 ;
                 ;
                 ;
                 ;
                 ;
                 ;
                 ;void time_to_disbuffer(void) // 时间值送显示缓冲区函数
                 ; 0000 00BE {
                 _time_to_disbuffer:
                 ; 0000 00BF  char i,j=0;
                 ; 0000 00C0  for (i=0;i<=1;i++)
0000ec 931a      	ST   -Y,R17
0000ed 930a      	ST   -Y,R16
                 ;	i -> R17
                 ;	j -> R16
0000ee e000      	LDI  R16,0
0000ef e010      	LDI  R17,LOW(0)
                 _0x19:
0000f0 3012      	CPI  R17,2
0000f1 f490      	BRSH _0x1A
                 ; 0000 00C1  {
                 ; 0000 00C2  dis_buff[j++] = time[i] % 10;
0000f2 2fe0      	MOV  R30,R16
0000f3 5f0f      	SUBI R16,-1
0000f4 d0c1      	RCALL SUBOPT_0x0
0000f5 d0c9      	RCALL SUBOPT_0x2
0000f6 940e 01ec 	CALL __MODW21
0000f8 01db      	MOVW R26,R22
0000f9 93ec      	ST   X,R30
                 ; 0000 00C3  dis_buff[j++] = time[i] / 10;
0000fa 2fe0      	MOV  R30,R16
0000fb 5f0f      	SUBI R16,-1
0000fc d0b9      	RCALL SUBOPT_0x0
0000fd d0c1      	RCALL SUBOPT_0x2
0000fe 940e 01e7 	CALL __DIVW21
000100 01db      	MOVW R26,R22
000101 93ec      	ST   X,R30
                 ; 0000 00C4  }
000102 5f1f      	SUBI R17,-1
000103 cfec      	RJMP _0x19
                 _0x1A:
                 ; 0000 00C5 }
000104 c037      	RJMP _0x2000001
                 ;
                 ;
                 ;
                 ;
                 ;
                 ;
                 ;
                 ;
                 ;
                 ;
                 ;
                 ;
                 ;
                 ;
                 ;
                 ;
                 ;
                 ;
                 ;
                 ;
                 ;
                 ;
                 ;void keyScan()
                 ; 0000 00DD  {
                 _keyScan:
                 ; 0000 00DE //    PORTD=0x00;
                 ; 0000 00DF     uchar x,y;
                 ; 0000 00E0     DDRD =0x03;                      //设置PD口高4位为输入
000105 931a      	ST   -Y,R17
000106 930a      	ST   -Y,R16
                 ;	x -> R17
                 ;	y -> R16
000107 e0e3      	LDI  R30,LOW(3)
000108 bbe1      	OUT  0x11,R30
                 ; 0000 00E1     PORTD=0x0c;                      //设置PD高4位上拉,此时PIND高4位全1
000109 e0ec      	LDI  R30,LOW(12)
00010a bbe2      	OUT  0x12,R30
                 ; 0000 00E2     if((PIND&0x0c)!=0x0c)        //判断是否有按键按下
00010b b3e0      	IN   R30,0x10
00010c 70ec      	ANDI R30,LOW(0xC)
00010d 30ec      	CPI  R30,LOW(0xC)
00010e f169      	BREQ _0x1B
                 ; 0000 00E3     {
                 ; 0000 00E4      delay(20);                  //延时消抖
00010f e1e4      	LDI  R30,LOW(20)
000110 e0f0      	LDI  R31,HIGH(20)
000111 d0b7      	RCALL SUBOPT_0x3
                 ; 0000 00E5      if((PIND&0x0c)!=0x0c)       //再次判断是否有按键按下
000112 f149      	BREQ _0x1C
                 ; 0000 00E6 	   {
                 ; 0000 00E7 //	   PORTB=0x0f;
                 ; 0000 00E8        x=(PIND&0x0c);
000113 b3e0      	IN   R30,0x10
000114 70ec      	ANDI R30,LOW(0xC)
000115 2f1e      	MOV  R17,R30
                 ; 0000 00E9        DDRD =0x0c;
000116 e0ec      	LDI  R30,LOW(12)
000117 bbe1      	OUT  0x11,R30
                 ; 0000 00EA 
                 ; 0000 00EB 
                 ; 0000 00EC 
                 ; 0000 00ED         {
                 ; 0000 00EE        delay(400);
000118 e9e0      	LDI  R30,LOW(400)
000119 e0f1      	LDI  R31,HIGH(400)
00011a d0ae      	RCALL SUBOPT_0x3
                 ; 0000 00EF 
                 ; 0000 00F0               if((PIND&0x0c)!=0x0c)
00011b f009      	BREQ _0x1D
                 ; 0000 00F1               cc=0;
00011c 24dd      	CLR  R13
                 ; 0000 00F2               //长按实现函数
                 ; 0000 00F3                          }
                 _0x1D:
                 ; 0000 00F4 
                 ; 0000 00F5 
                 ; 0000 00F6 
                 ; 0000 00F7 
                 ; 0000 00F8 
                 ; 0000 00F9 
                 ; 0000 00FA     aa=aa%8;
00011d 2dab      	MOV  R26,R11
00011e 27bb      	CLR  R27
00011f e0e8      	LDI  R30,LOW(8)
000120 e0f0      	LDI  R31,HIGH(8)
000121 940e 01ec 	CALL __MODW21
000123 2ebe      	MOV  R11,R30
                 ; 0000 00FB     aa++;
000124 94b3      	INC  R11
                 ; 0000 00FC 
                 ; 0000 00FD 
                 ; 0000 00FE 
                 ; 0000 00FF 
                 ; 0000 0100 
                 ; 0000 0101 
                 ; 0000 0102     bb=bb%10;
000125 2daa      	MOV  R26,R10
000126 27bb      	CLR  R27
000127 e0ea      	LDI  R30,LOW(10)
000128 e0f0      	LDI  R31,HIGH(10)
000129 940e 01ec 	CALL __MODW21
00012b 2eae      	MOV  R10,R30
                 ; 0000 0103       bb++;
00012c 94a3      	INC  R10
                 ; 0000 0104 
                 ; 0000 0105 
                 ; 0000 0106 
                 ; 0000 0107        delay(5);
00012d e0e5      	LDI  R30,LOW(5)
00012e e0f0      	LDI  R31,HIGH(5)
00012f 93fa      	ST   -Y,R31
000130 93ea      	ST   -Y,R30
000131 df47      	RCALL _delay
                 ; 0000 0108        y=(PIND&0x03);
000132 b3e0      	IN   R30,0x10
000133 70e3      	ANDI R30,LOW(0x3)
000134 2f0e      	MOV  R16,R30
                 ; 0000 0109        keyValue=x|y;
000135 2fe0      	MOV  R30,R16
000136 2be1      	OR   R30,R17
000137 2e6e      	MOV  R6,R30
                 ; 0000 010A        while((PIND&0x03)!=0x03);
                 _0x1E:
000138 b3e0      	IN   R30,0x10
000139 70e3      	ANDI R30,LOW(0x3)
00013a 30e3      	CPI  R30,LOW(0x3)
00013b f7e1      	BRNE _0x1E
                 ; 0000 010B        }
                 ; 0000 010C 
                 ; 0000 010D        //等待按键松开
                 ; 0000 010E 
                 ; 0000 010F //       PORTB=0xf0;
                 ; 0000 0110     }
                 _0x1C:
                 ; 0000 0111  }
                 _0x1B:
                 _0x2000001:
00013c 9109      	LD   R16,Y+
00013d 9119      	LD   R17,Y+
00013e 9508      	RET
                 ;
                 ; void keyHandle()
                 ; 0000 0114  {
                 _keyHandle:
                 ; 0000 0115         switch(keyValue)
00013f 2de6      	MOV  R30,R6
000140 e0f0      	LDI  R31,0
                 ; 0000 0116           {
                 ; 0000 0117             case 0x06:                 //S17            上
000141 30e6      	CPI  R30,LOW(0x6)
000142 e0a0      	LDI  R26,HIGH(0x6)
000143 07fa      	CPC  R31,R26
000144 f429      	BRNE _0x24
                 ; 0000 0118                 {
                 ; 0000 0119                   PORTB=0XFF;
000145 efef      	LDI  R30,LOW(255)
000146 bbe8      	OUT  0x18,R30
                 ; 0000 011A                   time_1s_ok = 0;
000147 94e8      	CLT
000148 f821      	BLD  R2,1
                 ; 0000 011B 
                 ; 0000 011C                  break;
000149 c020      	RJMP _0x23
                 ; 0000 011D                 }
                 ; 0000 011E             case 0x0a:                 //S18           左
                 _0x24:
00014a 30ea      	CPI  R30,LOW(0xA)
00014b e0a0      	LDI  R26,HIGH(0xA)
00014c 07fa      	CPC  R31,R26
00014d f459      	BRNE _0x25
                 ; 0000 011F                 {
                 ; 0000 0120                  PORTB=led_7[bb];;
00014e 2dea      	MOV  R30,R10
00014f d06a      	RCALL SUBOPT_0x1
000150 ba08      	OUT  0x18,R0
                 ; 0000 0121                  time_1s_ok = 0;
000151 94e8      	CLT
000152 f821      	BLD  R2,1
                 ; 0000 0122                  time[1]=0;
000153 e0e0      	LDI  R30,LOW(0)
                +
000154 93e0 0169+STS _time + ( 1 ) , R30
                 	__PUTB1MN _time,1
                 ; 0000 0123                  time[0]=0;
000156 93e0 0168 	STS  _time,R30
                 ; 0000 0124                  break;
000158 c011      	RJMP _0x23
                 ; 0000 0125                 }
                 ; 0000 0126             case 0x05:                 //S19         下
                 _0x25:
000159 30e5      	CPI  R30,LOW(0x5)
00015a e0a0      	LDI  R26,HIGH(0x5)
00015b 07fa      	CPC  R31,R26
00015c f419      	BRNE _0x26
                 ; 0000 0127                 {
                 ; 0000 0128 
                 ; 0000 0129                      time_1s_ok = 1;       //数码管
00015d 9468      	SET
00015e f821      	BLD  R2,1
                 ; 0000 012A 
                 ; 0000 012B 
                 ; 0000 012C                  break;
00015f c00a      	RJMP _0x23
                 ; 0000 012D                 }
                 ; 0000 012E             case 0x09:                 //S20           右
                 _0x26:
000160 30e9      	CPI  R30,LOW(0x9)
000161 e0a0      	LDI  R26,HIGH(0x9)
000162 07fa      	CPC  R31,R26
000163 f431      	BRNE _0x28
                 ; 0000 012F                 {
                 ; 0000 0130                 PORTB=resit[aa];
000164 2deb      	MOV  R30,R11
000165 e0f0      	LDI  R31,0
000166 5ae0      	SUBI R30,LOW(-_resit)
000167 4ffe      	SBCI R31,HIGH(-_resit)
000168 81e0      	LD   R30,Z
000169 bbe8      	OUT  0x18,R30
                 ; 0000 0131 
                 ; 0000 0132 
                 ; 0000 0133 
                 ; 0000 0134 
                 ; 0000 0135 
                 ; 0000 0136 
                 ; 0000 0137 
                 ; 0000 0138 
                 ; 0000 0139 
                 ; 0000 013A                  break;
                 ; 0000 013B                 }
                 ; 0000 013C             default:
                 _0x28:
                 ; 0000 013D //                 PORTB=0xf0;
                 ; 0000 013E          break;
                 ; 0000 013F           }
                 _0x23:
                 ; 0000 0140  }
00016a 9508      	RET
                 ;
                 ;//***********************************************************************************
                 ;//主函数
                 ;//***********************************************************************************
                 ;void main()
                 ; 0000 0146 {
                 _main:
                 ; 0000 0147     IO_init();                //IO初始化
00016b df26      	RCALL _IO_init
                 ; 0000 0148     PORTB=0xff;
00016c efef      	LDI  R30,LOW(255)
00016d bbe8      	OUT  0x18,R30
                 ; 0000 0149 
                 ; 0000 014A 
                 ; 0000 014B 
                 ; 0000 014C 
                 ; 0000 014D     TCCR0=0x0b; // 内部时钟，64 分频（2M/64=31.25KHz），CTC 模式
00016e e0eb      	LDI  R30,LOW(11)
00016f bfe3      	OUT  0x33,R30
                 ; 0000 014E     TCNT0=0x00;
000170 e0e0      	LDI  R30,LOW(0)
000171 bfe2      	OUT  0x32,R30
                 ; 0000 014F     OCR0=0x7C; //125/31.25=4ms//计数次数
000172 e7ec      	LDI  R30,LOW(124)
000173 bfec      	OUT  0x3C,R30
                 ; 0000 0150     TIMSK=0x02; // 允许 T/C0 比较匹配中断
000174 e0e2      	LDI  R30,LOW(2)
000175 bfe9      	OUT  0x39,R30
                 ; 0000 0151 
                 ; 0000 0152      #asm("sei");
000176 9478      	sei
                 ; 0000 0153 
                 ; 0000 0154 
                 ; 0000 0155 
                 ; 0000 0156 
                 ; 0000 0157 
                 ; 0000 0158 
                 ; 0000 0159 
                 ; 0000 015A 
                 ; 0000 015B 
                 ; 0000 015C 
                 ; 0000 015D 
                 ; 0000 015E 
                 ; 0000 015F 
                 ; 0000 0160     while(1)                  //死循环
                 _0x29:
                 ; 0000 0161      {
                 ; 0000 0162  //     PORTB=0xff;
                 ; 0000 0163 //      PORTC=0x66;
                 ; 0000 0164 /*      LED_1=1;
                 ; 0000 0165       LED_2=1;
                 ; 0000 0166       LED_3=1;
                 ; 0000 0167       LED_4=1;*/
                 ; 0000 0168      keyScan();             //按键扫描
000177 df8d      	RCALL _keyScan
                 ; 0000 0169      keyHandle();           //按键处理
000178 dfc6      	RCALL _keyHandle
                 ; 0000 016A      display();
000179 df2c      	RCALL _display
                 ; 0000 016B                                             display();
00017a df2b      	RCALL _display
                 ; 0000 016C 
                 ; 0000 016D 
                 ; 0000 016E 
                 ; 0000 016F 
                 ; 0000 0170 
                 ; 0000 0171 
                 ; 0000 0172 
                 ; 0000 0173 
                 ; 0000 0174 
                 ; 0000 0175 
                 ; 0000 0176 
                 ; 0000 0177 
                 ; 0000 0178 
                 ; 0000 0179 
                 ; 0000 017A 
                 ; 0000 017B 
                 ; 0000 017C 
                 ; 0000 017D 
                 ; 0000 017E 
                 ; 0000 017F 
                 ; 0000 0180 
                 ; 0000 0181 
                 ; 0000 0182 
                 ; 0000 0183       display();
00017b df2a      	RCALL _display
                 ; 0000 0184       keyScan();             //按键扫描
00017c df88      	RCALL _keyScan
                 ; 0000 0185       keyHandle();           //按键处理
00017d dfc1      	RCALL _keyHandle
                 ; 0000 0186 
                 ; 0000 0187 
                 ; 0000 0188        if (time_1s_ok) // 1 秒到
00017e fe21      	SBRS R2,1
00017f c034      	RJMP _0x2C
                 ; 0000 0189       {
                 ; 0000 018A         time_1s_ok = 0;
000180 94e8      	CLT
000181 f821      	BLD  R2,1
                 ; 0000 018B         point_on = ~point_on;
000182 e0e1      	LDI  R30,LOW(1)
000183 262e      	EOR  R2,R30
                 ; 0000 018C         if(i>=1)
000184 e0e1      	LDI  R30,LOW(1)
000185 e0f0      	LDI  R31,HIGH(1)
000186 164e      	CP   R4,R30
000187 065f      	CPC  R5,R31
000188 f094      	BRLT _0x2D
                 ; 0000 018D         {
                 ; 0000 018E             if(time[0]>=31)
000189 91a0 0168 	LDS  R26,_time
00018b 31af      	CPI  R26,LOW(0x1F)
00018c f458      	BRSH _0x3B
                 ; 0000 018F             {PORTB=0xff;
                 ; 0000 0190             PORTD.7=0;}
                 ; 0000 0191             else if(time[0]%2==0)
00018d 27bb      	CLR  R27
00018e e0e2      	LDI  R30,LOW(2)
00018f e0f0      	LDI  R31,HIGH(2)
000190 940e 01ec 	CALL __MODW21
000192 9730      	SBIW R30,0
000193 f421      	BRNE _0x32
                 ; 0000 0192             {PORTB = 0x00;
000194 e0e0      	LDI  R30,LOW(0)
000195 bbe8      	OUT  0x18,R30
                 ; 0000 0193             PORTD.7=1;}
000196 9a97      	SBI  0x12,7
                 ; 0000 0194             else
000197 c003      	RJMP _0x35
                 _0x32:
                 ; 0000 0195            { PORTB = 0xff;
                 _0x3B:
000198 efef      	LDI  R30,LOW(255)
000199 bbe8      	OUT  0x18,R30
                 ; 0000 0196             PORTD.7=0;}
00019a 9897      	CBI  0x12,7
                 _0x35:
                 ; 0000 0197 
                 ; 0000 0198         }
                 ; 0000 0199         if (++time[0] >= 60) // 以下时间调整
                 _0x2D:
00019b 91a0 0168 	LDS  R26,_time
00019d 5faf      	SUBI R26,-LOW(1)
00019e 93a0 0168 	STS  _time,R26
0001a0 33ac      	CPI  R26,LOW(0x3C)
0001a1 f088      	BRLO _0x38
                 ; 0000 019A         {
                 ; 0000 019B             time[0] = 0;
0001a2 e0e0      	LDI  R30,LOW(0)
0001a3 93e0 0168 	STS  _time,R30
                 ; 0000 019C             //PORTD.7=1;
                 ; 0000 019D              i++;
0001a5 01f2      	MOVW R30,R4
0001a6 9631      	ADIW R30,1
0001a7 012f      	MOVW R4,R30
0001a8 9731      	SBIW R30,1
                 ; 0000 019E             if (++time[1] >= 60)
                +
0001a9 91e0 0169+LDS R30 , _time + ( 1 )
                 	__GETB1MN _time,1
0001ab 5fef      	SUBI R30,-LOW(1)
                +
0001ac 93e0 0169+STS _time + ( 1 ) , R30
                 	__PUTB1MN _time,1
0001ae 33ec      	CPI  R30,LOW(0x3C)
0001af f018      	BRLO _0x39
                 ; 0000 019F             {
                 ; 0000 01A0                 time[1] = 0;
0001b0 e0e0      	LDI  R30,LOW(0)
                +
0001b1 93e0 0169+STS _time + ( 1 ) , R30
                 	__PUTB1MN _time,1
                 ; 0000 01A1                 //if (++time[2] >= 24) time[2] = 0;
                 ; 0000 01A2             }
                 ; 0000 01A3         }
                 _0x39:
                 ; 0000 01A4         time_to_disbuffer(); // 新调整好的时间送显示缓冲区
                 _0x38:
0001b3 df38      	RCALL _time_to_disbuffer
                 ; 0000 01A5       }
                 ; 0000 01A6 
                 ; 0000 01A7 
                 ; 0000 01A8 
                 ; 0000 01A9 
                 ; 0000 01AA      }
                 _0x2C:
0001b4 cfc2      	RJMP _0x29
                 ; 0000 01AB }
                 _0x3A:
0001b5 cfff      	RJMP _0x3A
                 
                 	.DSEG
                 _resit:
000160           	.BYTE 0x8
                 _time:
000168           	.BYTE 0x2
                 _dis_buff:
00016a           	.BYTE 0x4
                 
                 	.CSEG
                 ;OPTIMIZER ADDED SUBROUTINE, CALLED 3 TIMES, CODE SIZE REDUCTION:3 WORDS
                 SUBOPT_0x0:
0001b6 e0f0      	LDI  R31,0
0001b7 59e6      	SUBI R30,LOW(-_dis_buff)
0001b8 4ffe      	SBCI R31,HIGH(-_dis_buff)
0001b9 9508      	RET
                 
                 ;OPTIMIZER ADDED SUBROUTINE, CALLED 2 TIMES, CODE SIZE REDUCTION:1 WORDS
                 SUBOPT_0x1:
0001ba e0f0      	LDI  R31,0
0001bb 5aec      	SUBI R30,LOW(-_led_7*2)
0001bc 4fff      	SBCI R31,HIGH(-_led_7*2)
0001bd 9004      	LPM  R0,Z
0001be 9508      	RET
                 
                 ;OPTIMIZER ADDED SUBROUTINE, CALLED 2 TIMES, CODE SIZE REDUCTION:8 WORDS
                 SUBOPT_0x2:
0001bf 01bf      	MOVW R22,R30
0001c0 2fe1      	MOV  R30,R17
0001c1 e0f0      	LDI  R31,0
0001c2 59e8      	SUBI R30,LOW(-_time)
0001c3 4ffe      	SBCI R31,HIGH(-_time)
0001c4 81a0      	LD   R26,Z
0001c5 e0b0      	LDI  R27,0
0001c6 e0ea      	LDI  R30,LOW(10)
0001c7 e0f0      	LDI  R31,HIGH(10)
0001c8 9508      	RET
                 
                 ;OPTIMIZER ADDED SUBROUTINE, CALLED 2 TIMES, CODE SIZE REDUCTION:2 WORDS
                 SUBOPT_0x3:
0001c9 93fa      	ST   -Y,R31
0001ca 93ea      	ST   -Y,R30
0001cb dead      	RCALL _delay
0001cc b3e0      	IN   R30,0x10
0001cd 70ec      	ANDI R30,LOW(0xC)
0001ce 30ec      	CPI  R30,LOW(0xC)
0001cf 9508      	RET
                 
                 
                 	.CSEG
                 __ANEGW1:
0001d0 95f1      	NEG  R31
0001d1 95e1      	NEG  R30
0001d2 40f0      	SBCI R31,0
0001d3 9508      	RET
                 
                 __DIVW21U:
0001d4 2400      	CLR  R0
0001d5 2411      	CLR  R1
0001d6 e190      	LDI  R25,16
                 __DIVW21U1:
0001d7 0faa      	LSL  R26
0001d8 1fbb      	ROL  R27
0001d9 1c00      	ROL  R0
0001da 1c11      	ROL  R1
0001db 1a0e      	SUB  R0,R30
0001dc 0a1f      	SBC  R1,R31
0001dd f418      	BRCC __DIVW21U2
0001de 0e0e      	ADD  R0,R30
0001df 1e1f      	ADC  R1,R31
0001e0 c001      	RJMP __DIVW21U3
                 __DIVW21U2:
0001e1 60a1      	SBR  R26,1
                 __DIVW21U3:
0001e2 959a      	DEC  R25
0001e3 f799      	BRNE __DIVW21U1
0001e4 01fd      	MOVW R30,R26
0001e5 01d0      	MOVW R26,R0
0001e6 9508      	RET
                 
                 __DIVW21:
0001e7 d012      	RCALL __CHKSIGNW
0001e8 dfeb      	RCALL __DIVW21U
0001e9 f40e      	BRTC __DIVW211
0001ea dfe5      	RCALL __ANEGW1
                 __DIVW211:
0001eb 9508      	RET
                 
                 __MODW21:
0001ec 94e8      	CLT
0001ed ffb7      	SBRS R27,7
0001ee c004      	RJMP __MODW211
0001ef 95a0      	COM  R26
0001f0 95b0      	COM  R27
0001f1 9611      	ADIW R26,1
0001f2 9468      	SET
                 __MODW211:
0001f3 fdf7      	SBRC R31,7
0001f4 dfdb      	RCALL __ANEGW1
0001f5 dfde      	RCALL __DIVW21U
0001f6 01fd      	MOVW R30,R26
0001f7 f40e      	BRTC __MODW212
0001f8 dfd7      	RCALL __ANEGW1
                 __MODW212:
0001f9 9508      	RET
                 
                 __CHKSIGNW:
0001fa 94e8      	CLT
0001fb fff7      	SBRS R31,7
0001fc c002      	RJMP __CHKSW1
0001fd dfd2      	RCALL __ANEGW1
0001fe 9468      	SET
                 __CHKSW1:
0001ff ffb7      	SBRS R27,7
000200 c006      	RJMP __CHKSW2
000201 95a0      	COM  R26
000202 95b0      	COM  R27
000203 9611      	ADIW R26,1
000204 f800      	BLD  R0,0
000205 9403      	INC  R0
000206 fa00      	BST  R0,0
                 __CHKSW2:
000207 9508      	RET
                 
                 __SAVELOCR4:
000208 933a      	ST   -Y,R19
                 __SAVELOCR3:
000209 932a      	ST   -Y,R18
                 __SAVELOCR2:
00020a 931a      	ST   -Y,R17
00020b 930a      	ST   -Y,R16
00020c 9508      	RET
                 
                 __LOADLOCR4:
00020d 813b      	LDD  R19,Y+3
                 __LOADLOCR3:
00020e 812a      	LDD  R18,Y+2
                 __LOADLOCR2:
00020f 8119      	LDD  R17,Y+1
000210 8108      	LD   R16,Y
000211 9508      	RET
                 
                 ;END OF CODE MARKER
                 __END_OF_CODE:


RESOURCE USE INFORMATION
------------------------

Notice:
The register and instruction counts are symbol table hit counts,
and hence implicitly used resources are not counted, eg, the
'lpm' instruction without operands implicitly uses r0 and z,
none of which are counted.

x,y,z are separate entities in the symbol table and are
counted separately from r26..r31 here.

.dseg memory usage only counts static data declared with .byte

ATmega16 register use summary:
r0 :  19 r1 :   7 r2 :   8 r3 :   0 r4 :   3 r5 :   1 r6 :   2 r7 :   7 
r8 :   3 r9 :   1 r10:   4 r11:   4 r12:   0 r13:   1 r14:   0 r15:   2 
r16:  15 r17:  14 r18:   5 r19:   5 r20:   0 r21:   0 r22:   7 r23:   2 
r24:   9 r25:   6 r26:  35 r27:  13 r28:   2 r29:   1 r30: 152 r31:  42 
x  :   5 y  :  44 z  :  12 
Registers used: 30 out of 35 (85.7%)

ATmega16 instruction use summary:
.lds  :   0 .lds.l:   0 .sts  :   0 .sts.l:   0 adc   :   1 add   :   1 
adiw  :   5 and   :   0 andi  :   5 asr   :   0 bclr  :   0 bld   :   6 
brbc  :   0 brbs  :   0 brcc  :   1 brcs  :   0 break :   0 breq  :   5 
brge  :   0 brhc  :   0 brhs  :   0 brid  :   0 brie  :   0 brlo  :   4 
brlt  :   1 brmi  :   0 brne  :  11 brpl  :   0 brsh  :   4 brtc  :   2 
brts  :   0 brvc  :   0 brvs  :   0 bset  :   0 bst   :   1 call  :   7 
cbi   :   2 cbr   :   0 clc   :   0 clh   :   0 cli   :   1 cln   :   0 
clr   :  11 cls   :   0 clt   :   5 clv   :   0 clz   :   0 com   :   4 
cp    :   4 cpc   :   8 cpi   :  13 cpse  :   0 dec   :   2 des   :   0 
eor   :   1 fmul  :   0 fmuls :   0 fmulsu:   0 icall :   0 ijmp  :   0 
in    :   6 inc   :   4 jmp   :  22 ld    :  18 ldd   :   5 ldi   :  75 
lds   :   3 lpm   :  11 lsl   :   1 lsr   :   0 mov   :  16 movw  :  13 
mul   :   0 muls  :   0 mulsu :   0 neg   :   2 nop   :   0 or    :   1 
ori   :   0 out   :  35 pop   :   0 push  :   0 rcall :  28 ret   :  16 
reti  :   1 rjmp  :  19 rol   :   3 ror   :   0 sbc   :   1 sbci  :   8 
sbi   :   4 sbic  :   0 sbis  :   0 sbiw  :   5 sbr   :   1 sbrc  :   1 
sbrs  :   5 sec   :   0 seh   :   0 sei   :   1 sen   :   0 ser   :   0 
ses   :   0 set   :   4 sev   :   0 sez   :   0 sleep :   0 spm   :   0 
st    :  29 std   :   0 sts   :   6 sub   :   1 subi  :  12 swap  :   0 
tst   :   1 wdr   :   0 
Instructions used: 57 out of 116 (49.1%)

ATmega16 memory use summary [bytes]:
Segment   Begin    End      Code   Data   Used    Size   Use%
---------------------------------------------------------------
[.cseg] 0x000000 0x000424    998     62   1060   16384   6.5%
[.dseg] 0x000060 0x00016e      0     14     14    1119   1.3%
[.eseg] 0x000000 0x000000      0      0      0     512   0.0%

Assembly complete, 0 errors, 8 warnings
